4	> out.csv `
4	python
2	# #
2	` $ ./nouns.py $
2	` $ ./verbs.py $
2	` $ cat $
2	input file
2	installation
2	pdf_or_text_document.pdf
2	pdf_or_text_document.txt
2	text_document
2	textblob
1	# # #
1	> out.csv ` # #
1	> out.csv ` # # #
1	[ virtual environment ]
1	` $ brew install poppler libmagic python3 `
1	` $ pip3 install -r requirements.txt `
1	` $ python3 -c 'import nltk
1	` $ python3 -m textblob.download_corpora ` # # #
1	` $ sudo
1	` selftest ` target
1	adverbial modifiers
1	apt install build-essential libpoppler-cpp-dev libmagic-dev pkg-config python3-pip `
1	ascii
1	distribution-level dependencies
1	download
1	explicit instructions
1	extracting
1	extracting noun phrases
1	extracting verb phrases
1	extraction commands
1	homebrew
1	install
1	install python
1	makefile
1	nltk
1	noun/verb phrases
1	original pattern
1	package ]
1	package dependencies
1	patternlite
1	pdf
1	plain text
1	readme
1	requirements
1	self-test commands
1	stdin pipe
1	testing
1	tutorial ]
1	ubuntu/debian
1	unicode
1	usage
1	useful links
1	verb phrases
1	| ./nouns.py
1	| ./verbs.py
